tileTextureSize 512
detailScales 16.000000 66.000000 73.000000 23.000000
shadowDist 30.000000
shadowFalloff 0.500000
enableShadows 1
colorMode 1
undergroundMaterial 4261279218 "[HOME]\Textures\littlerocks.png"
detailtexture1 "[HOME]\Textures\littlerocks.png"
detailtexture2 "[HOME]\Textures\longGrass.png"
detailtexture3 "[HOME]\Textures\organic bark.png"
detailtexture4 "[HOME]Textures\cliff.png"
divisions 0.000000
mapname "testIsland"
lightDirection 0.579440 0.226113 -0.783022
mapHeight 210.299988
fog 1
fogNear 640.000000
fogFar 1001.000000
fogColor 4160223223
background 4227595259
renderUnderGround 1
underGroundStretch 0
underGroundScale 21.700001
waterEnable 1
waterHeight 60.000000
waterScale 220.449997
waterOpacity 0.780000
waterDistortion 0.540000
waterRefraction 0.790000
waterSpeed 1.720000
waterColor 4291689471
SkyBoxBack 4076008178 "[HOME]\Sky\evening_bk.dds"
SkyBoxDown 4076008178
SkyBoxFront 4076008178 "[HOME]\Sky\evening_ft.dds"
SkyBoxLeft 4076008178 "[HOME]\Sky\evening_lt.dds"
SkyBoxRight 4076008178 "[HOME]\Sky\evening_rt.dds"
SkyBoxUp 4076008178 "[HOME]\Sky\evening_up.dds"
// Objects
